**********************
Windows PowerShell transcript start
Start time: 20210607132346
Username: AzureAD\RobertConnell
RunAs User: AzureAD\RobertConnell
Configuration Name: 
Machine: REV-ROBERTCONNE (Microsoft Windows NT 10.0.18363.0)
Host Application: C:\Windows\System32\WindowsPowerShell\v1.0\powershell.exe
Process ID: 25948
PSVersion: 5.1.18362.1474
PSEdition: Desktop
PSCompatibleVersions: 1.0, 2.0, 3.0, 4.0, 5.0, 5.1.18362.1474
BuildVersion: 10.0.18362.1474
CLRVersion: 4.0.30319.42000
WSManStackVersion: 3.0
PSRemotingProtocolVersion: 2.3
SerializationVersion: 1.1.0.1
**********************
Transcript started, output file is git-intro.txt
PS C:\Users\RobertConnell> echo 'run git --version to ensure you have git installed. If you get an error message then try git bash. If neither are working, check to make sure that git was installed correctly'
run git --version to ensure you have git installed. If you get an error message then try git bash. If neither are working, check to make sure that git was installed correctly
PS C:\Users\RobertConnell> git --version
git version 2.23.0.windows.1
PS C:\Users\RobertConnell> echo 'now I will change directories into my desktop and create a new directory called git-repo'
now I will change directories into my desktop and create a new directory called git-repo
PS C:\Users\RobertConnell> cd .\Desktop\
PS C:\Users\RobertConnell\Desktop> mkdir git-repo


    Directory: C:\Users\RobertConnell\Desktop


Mode                LastWriteTime         Length Name
----                -------------         ------ ----
d-----         6/7/2021   1:25 PM                git-repo


PS C:\Users\RobertConnell\Desktop> cd .\git-repo\
PS C:\Users\RobertConnell\Desktop\git-repo> ls
PS C:\Users\RobertConnell\Desktop\git-repo> echo 'I am going to back out and go into my actual directory that holds my git repos, you should stay here;
'
I am going to back out and go into my actual directory that holds my git repos, you should stay here;
PS C:\Users\RobertConnell\Desktop\git-repo> cd ..\gitrepos\
PS C:\Users\RobertConnell\Desktop\gitrepos> echo 'now I am going to clone the repository into my directory. This will copy everything including the file histories from the github-hosted repository onto my local machine'
now I am going to clone the repository into my directory. This will copy everything including the file histories from the github-hosted repository onto my local machine
PS C:\Users\RobertConnell\Desktop\gitrepos> git clone https://github.com/RevatureRobert/2106Jun07RNCN
Cloning into '2106Jun07RNCN'...
remote: Enumerating objects: 3, done.
remote: Counting objects: 100% (3/3), done.
remote: Total 3 (delta 0), reused 0 (delta 0), pack-reused 0
Unpacking objects: 100% (3/3), done.
PS C:\Users\RobertConnell\Desktop\gitrepos> echo 'now that I have cloned it, I can use ls to list the files and directories in this directory and see 2106RNCN directory in my file system'
now that I have cloned it, I can use ls to list the files and directories in this directory and see 2106RNCN directory in my file system
PS C:\Users\RobertConnell\Desktop\gitrepos> ls


    Directory: C:\Users\RobertConnell\Desktop\gitrepos


Mode                LastWriteTime         Length Name
----                -------------         ------ ----
d-----        4/19/2021   1:48 PM                2102Enterprise
d-----         6/7/2021   1:30 PM                2106Jun07RNCN
d-----        2/16/2021   8:47 AM                demos
d-----        4/19/2021   2:36 PM                enterprise-projects
d-----         6/3/2021   9:32 AM                examples
d-----        3/11/2021   9:21 AM                projects
d-----        5/24/2021   8:54 AM                quizzard
d-----        5/18/2021  10:34 AM                quizzard-db


PS C:\Users\RobertConnell\Desktop\gitrepos> echo 'now I will cd into that directory and see the readme inside it'
now I will cd into that directory and see the readme inside it
PS C:\Users\RobertConnell\Desktop\gitrepos> cd .\2106Jun07RNCN\
PS C:\Users\RobertConnell\Desktop\gitrepos\2106Jun07RNCN> ls


    Directory: C:\Users\RobertConnell\Desktop\gitrepos\2106Jun07RNCN


Mode                LastWriteTime         Length Name
----                -------------         ------ ----
-a----         6/7/2021   1:30 PM             15 README.md


PS C:\Users\RobertConnell\Desktop\gitrepos\2106Jun07RNCN> echo 'wala! we now have the repository from github onto our local machine'
wala! we now have the repository from github onto our local machine
PS C:\Users\RobertConnell\Desktop\gitrepos\2106Jun07RNCN> code .

PS C:\Users\RobertConnell\Desktop\gitrepos\2106Jun07RNCN> echo 'now we are going to work in node'
now we are going to work in node
PS C:\Users\RobertConnell\Desktop\gitrepos\2106Jun07RNCN> cls
PS C:\Users\RobertConnell\Desktop\gitrepos\2106Jun07RNCN> echo 'run node -v to see the version on nodejs running on your machine'
run node -v to see the version on nodejs running on your machine
PS C:\Users\RobertConnell\Desktop\gitrepos\2106Jun07RNCN> node -v
v14.16.1
PS C:\Users\RobertConnell\Desktop\gitrepos\2106Jun07RNCN> npm -v
6.14.12
PS C:\Users\RobertConnell\Desktop\gitrepos\2106Jun07RNCN> echo 'you can run node by itself in the terminal to begin a repl'
you can run node by itself in the terminal to begin a repl
PS C:\Users\RobertConnell\Desktop\gitrepos\2106Jun07RNCN> node
Welcome to Node.js v14.16.1.
Type ".help" for more information.
> const x = 5;
undefined
> x
5
> x + 1
6
>
> console.log(x + 'is a greate number')
5is a greate number
undefined
> quit
Uncaught ReferenceError: quit is not defined
> exit
Uncaught ReferenceError: exit is not defined
> .exit
PS C:\Users\RobertConnell\Desktop\gitrepos\2106Jun07RNCN> echo 'I am creating a new nodejs application'
I am creating a new nodejs application
PS C:\Users\RobertConnell\Desktop\gitrepos\2106Jun07RNCN> cd .\01-JS\
PS C:\Users\RobertConnell\Desktop\gitrepos\2106Jun07RNCN\01-JS> ls


    Directory: C:\Users\RobertConnell\Desktop\gitrepos\2106Jun07RNCN\01-JS


Mode                LastWriteTime         Length Name
----                -------------         ------ ----
d-----         6/7/2021   3:39 PM                core


PS C:\Users\RobertConnell\Desktop\gitrepos\2106Jun07RNCN\01-JS> mkdir firstapp


    Directory: C:\Users\RobertConnell\Desktop\gitrepos\2106Jun07RNCN\01-JS


Mode                LastWriteTime         Length Name
----                -------------         ------ ----
d-----         6/7/2021   4:00 PM                firstapp


PS C:\Users\RobertConnell\Desktop\gitrepos\2106Jun07RNCN\01-JS> cd .\firstapp\
PS C:\Users\RobertConnell\Desktop\gitrepos\2106Jun07RNCN\01-JS\firstapp> npm init
This utility will walk you through creating a package.json file.
It only covers the most common items, and tries to guess sensible defaults.

See `npm help init` for definitive documentation on these fields
and exactly what they do.

Use `npm install <pkg>` afterwards to install a package and
save it as a dependency in the package.json file.

Press ^C at any time to quit.
package name: (firstapp)
version: (1.0.0) 1.0
Invalid version: "1.0"
version: (1.0.0) "1.0"
Invalid version: ""1.0""
version: (1.0.0) 1/0/0
Invalid version: "1/0/0"
version: (1.0.0) 1.0.0
description: the first nodejs application for the 2106 batch
entry point: (index.js) src/index
test command: echo something cool
git repository:
keywords:
author: 2106Rncn
license: (ISC)
About to write to C:\Users\RobertConnell\Desktop\gitrepos\2106Jun07RNCN\01-JS\firstapp\package.json:

{
  "name": "firstapp",
  "version": "1.0.0",
  "description": "the first nodejs application for the 2106 batch",
  "main": "src/index",
  "scripts": {
    "test": "echo something cool"
  },
  "author": "2106Rncn",
  "license": "ISC"
}


Is this OK? (yes)
PS C:\Users\RobertConnell\Desktop\gitrepos\2106Jun07RNCN\01-JS\firstapp> CD ..
PS C:\Users\RobertConnell\Desktop\gitrepos\2106Jun07RNCN\01-JS> echo 'I am going to add the files we did today to staging for git to push up'
I am going to add the files we did today to staging for git to push up
PS C:\Users\RobertConnell\Desktop\gitrepos\2106Jun07RNCN\01-JS> cd ..
PS C:\Users\RobertConnell\Desktop\gitrepos\2106Jun07RNCN> git add .
warning: LF will be replaced by CRLF in 01-JS/firstapp/package.json.
The file will have its original line endings in your working directory
PS C:\Users\RobertConnell\Desktop\gitrepos\2106Jun07RNCN> git status
On branch main
Your branch is up to date with 'origin/main'.

Changes to be committed:
  (use "git restore --staged <file>..." to unstage)
        new file:   01-JS/core/intro.js
        new file:   01-JS/firstapp/package.json
        new file:   01-JS/firstapp/src/index.js
PS C:\Users\RobertConnell\Desktop\gitrepos\2106Jun07RNCN> git commit -m "first patch set created, first day down"
[main bbbc78d] first patch set created, first day down
 3 files changed, 169 insertions(+)
 create mode 100644 01-JS/core/intro.js
 create mode 100644 01-JS/firstapp/package.json
 create mode 100644 01-JS/firstapp/src/index.js
PS C:\Users\RobertConnell\Desktop\gitrepos\2106Jun07RNCN> git status
On branch main
Your branch is ahead of 'origin/main' by 1 commit.
  (use "git push" to publish your local commits)

nothing to commit, working tree clean
PS C:\Users\RobertConnell\Desktop\gitrepos\2106Jun07RNCN> git push
Enumerating objects: 10, done.
Counting objects: 100% (10/10), done.
Delta compression using up to 8 threads
Compressing objects: 100% (6/6), done.
Writing objects: 100% (9/9), 2.37 KiB | 347.00 KiB/s, done.
Total 9 (delta 0), reused 0 (delta 0)
To https://github.com/RevatureRobert/2106Jun07RNCN
   d6842ad..bbbc78d  main -> main
PS C:\Users\RobertConnell\Desktop\gitrepos\2106Jun07RNCN> Stop-Transcript
**********************
Windows PowerShell transcript end
End time: 20210607164645
**********************
